??????????????????????????????????????????????????????????????
?  AUTOMATED TEST SCENARIOS RUNNER                          ?
?  Project Management Platform - Comprehensive Tests        ?
??????????????????????????????????????????????????????????????


??????????????????????????????????????????????????????????????
?  SCENARIO 1: Team Management                              ?
??????????????????????????????????????????????????????????????
java : [main] INFO com.zaxxer.hikari.HikariDataSource - HikariPool-1 - Starting...
Au caractère Ligne:1 : 1
+ java -cp "bin;lib\*" com.projectmanagement.TestScenariosRunner > test ...
+ ~~~~~~~~~~~~~~~~~~~~~~~~~~~~~~~~~~~~~~~~~~~~~~~~~~~~~~~~~~~~~~~~~~~~~
    + CategoryInfo          : NotSpecified: ([main] INFO com...1 - Starting...:String) [], RemoteException
    + FullyQualifiedErrorId : NativeCommandError
 
[main] INFO com.zaxxer.hikari.pool.HikariPool - HikariPool-1 - Added connection com.mysql.cj.jdbc.ConnectionImpl@659a969b
[main] INFO com.zaxxer.hikari.HikariDataSource - HikariPool-1 - Start completed.
[main] INFO com.projectmanagement.util.DatabaseUtil - Database connection pool initialized successfully
  [TEST 1] 1.1 - Verify 5 members created ... ? PASS
  [TEST 2] 1.2 - Verify total weekly availability ... ? PASS
  [TEST 3] 1.3 - Verify members have skills ... ? PASS
  [TEST 4] 1.4 - Verify Alice Johnson details ... ? PASS
  [TEST 5] 1.5 - Verify skill proficiency levels are valid ... ? PASS
??????????????????????????????????????????????????????????????

??????????????????????????????????????????????????????????????
?  SCENARIO 2: Project Creation                             ?
??????????????????????????????????????????????????????????????
  [TEST 6] 2.1 - Verify E-commerce project created ... ? PASS
  [TEST 7] 2.2 - Verify 11 tasks created (including urgent) ... ? PASS
  [TEST 8] 2.3 - Verify total estimated hours ... ? FAIL
    ??  Total hours should be at least 295h
  [TEST 9] 2.4 - Verify task dependencies exist ... ? PASS
  [TEST 10] 2.5 - Verify urgent tasks exist ... ? PASS
  [TEST 11] 2.6 - Verify tasks have required skills ... ? PASS
??????????????????????????????????????????????????????????????

??????????????????????????????????????????????????????????????
?  SCENARIO 3: Automatic Allocation                         ?
??????????????????????????????????????????????????????????????
[main] INFO com.projectmanagement.service.TaskAllocationService - Starting task allocation for project: 1
[main] INFO com.projectmanagement.service.TaskAllocationService - Phase 1: Rebalancing TODO tasks from overloaded members
[main] INFO com.projectmanagement.service.TaskAllocationService - Found 2 TODO tasks to evaluate for rebalancing
[main] INFO com.projectmanagement.service.TaskAllocationService - Evaluating task 'User acceptance testing' assigned to 'Carol 
Williams' (62,5%)
[main] INFO com.projectmanagement.service.TaskAllocationService - Evaluating task 'Create product catalog' assigned to 'Emma Davis' 
(80,0%)
[main] INFO com.projectmanagement.service.TaskAllocationService - Phase 2: Assigning unassigned tasks
[main] INFO com.projectmanagement.service.TaskAllocationService - Allocation complete: Assigned 0 new tasks, rebalanced 0 tasks, failed 
0
  [TEST 12] 3.1 - Execute automatic task allocation ... ? FAIL
    ??  At least one task should be assigned
  [TEST 13] 3.2 - Verify tasks have assignments ...     ??  10/10 tasks assigned
? PASS
  [TEST 14] 3.3 - Verify assigned members have required skills ... ? PASS
  [TEST 15] 3.4 - Verify workload distribution ...     ??  Average workload: 84,7%
? PASS
  [TEST 16] 3.5 - Verify reasonable workload limits ... ? PASS
??????????????????????????????????????????????????????????????

??????????????????????????????????????????????????????????????
?  SCENARIO 4: Overload Detection                           ?
??????????????????????????????????????????????????????????????
  [TEST 17] 4.1 - Verify overload alerts generated ...     ??  2 overload alert(s) found
? PASS
  [TEST 18] 4.2 - Verify Carol Williams is overloaded ... ? FAIL
    ??  Carol should be overloaded
  [TEST 19] 4.3 - Verify critical severity for high overload ... ? PASS
  [TEST 20] 4.4 - Verify alert message contains details ... ? PASS
??????????????????????????????????????????????????????????????

??????????????????????????????????????????????????????????????
?  SCENARIO 5: Mid-Project Changes                          ?
??????????????????????????????????????????????????????????????
  [TEST 21] 5.1 - Verify tasks in progress ...     ??  5 task(s) in progress
? PASS
  [TEST 22] 5.2 - Verify completed tasks ...     ??  3 task(s) completed
? PASS
  [TEST 23] 5.3 - Verify urgent security fix task added ...     ??  Found: Critical Security Vulnerability Fix
? PASS
  [TEST 24] 5.4 - Verify project change alerts ...     ??  0 project alert(s) found
? PASS
??????????????????????????????????????????????????????????????

??????????????????????????????????????????????????????????????
?  SCENARIO 6: Visualization                                ?
??????????????????????????????????????????????????????????????
  [TEST 25] 6.1 - Verify timeline data for project ...     ??  10/10 tasks have timeline data
? PASS
  [TEST 26] 6.2 - Verify member workload data ...     ??  Workload data complete for 5 members
? PASS
  [TEST 27] 6.3 - Verify multiple projects exist ...     ??  2 project(s) available
? PASS
  [TEST 28] 6.4 - Verify task status distribution ...     ??  Status distribution:
       - COMPLETED: 3
       - TODO: 2
       - IN_PROGRESS: 5
? PASS
??????????????????????????????????????????????????????????????

??????????????????????????????????????????????????????????????
?  SCENARIO 7: Statistics                                   ?
??????????????????????????????????????????????????????????????
  [TEST 29] 7.1 - Generate project statistics ...     ??  Total tasks: 10
    ??  Completion: 30.0%
? PASS
  [TEST 30] 7.2 - Verify completion percentage accuracy ... ? PASS
  [TEST 31] 7.3 - Generate workload statistics ...     ??  Total members: 5
    ??  Avg workload: 84.73809523809524%
? PASS
  [TEST 32] 7.4 - Verify overloaded member statistics ...     ??  Overloaded members: 1
? PASS
  [TEST 33] 7.5 - Verify hours calculation accuracy ... ? PASS
??????????????????????????????????????????????????????????????

??????????????????????????????????????????????????????????????
?  TEST EXECUTION SUMMARY                                   ?
??????????????????????????????????????????????????????????????

  Total Tests:  33
  ? Passed:     30 (90,9%)
  ? Failed:     3 (9,1%)

  ??  SOME TESTS FAILED - Review output above

??????????????????????????????????????????????????????????????
